// Jest Snapshot v1, https://goo.gl/fbAQLP

exports[`rockets test Rockets renders correctlly 1`] = `
<div
  className="card mb-3 border-0 rounded-0 "
>
  <div
    className="row g-0"
  >
    <div
      className="col-md-3"
    >
      <img
        className="bd-placeholder-img img-fluid "
        height="10"
        width="100%"
      />
    </div>
    <div
      className="col-md-9"
    >
      <div
        className="card-body pt-md-0"
      >
        <h5
          className="card-title"
        >
           
        </h5>
        <p
          className="card-text"
        />
        <button
          className="btn btn-primary "
          onClick={[Function]}
          type="button"
        >
          Reserve rocket
        </button>
      </div>
    </div>
  </div>
</div>
`;
